// Jest Snapshot v1, https://goo.gl/fbAQLP

exports[`Renderer Components Component of Home folder Welcome should correctly 1`] = `
<div>
  Hola Mundo!
</div>
`;
